Archive member included to satisfy reference by file (symbol)

c:/program files/gnu tools arm embedded patched 64/8.2.1-1.2-20190119-1237/bin/../lib/gcc/arm-none-eabi/8.2.1/../../../../arm-none-eabi/lib/thumb/v7-m/nofp\libc_nano.a(lib_a-exit.o)
                              c:/program files/gnu tools arm embedded patched 64/8.2.1-1.2-20190119-1237/bin/../lib/gcc/arm-none-eabi/8.2.1/../../../../arm-none-eabi/lib/thumb/v7-m/nofp/crt0.o (exit)
c:/program files/gnu tools arm embedded patched 64/8.2.1-1.2-20190119-1237/bin/../lib/gcc/arm-none-eabi/8.2.1/../../../../arm-none-eabi/lib/thumb/v7-m/nofp\libc_nano.a(lib_a-impure.o)
                              c:/program files/gnu tools arm embedded patched 64/8.2.1-1.2-20190119-1237/bin/../lib/gcc/arm-none-eabi/8.2.1/../../../../arm-none-eabi/lib/thumb/v7-m/nofp\libc_nano.a(lib_a-exit.o) (_global_impure_ptr)
c:/program files/gnu tools arm embedded patched 64/8.2.1-1.2-20190119-1237/bin/../lib/gcc/arm-none-eabi/8.2.1/../../../../arm-none-eabi/lib/thumb/v7-m/nofp\libc_nano.a(lib_a-init.o)
                              c:/program files/gnu tools arm embedded patched 64/8.2.1-1.2-20190119-1237/bin/../lib/gcc/arm-none-eabi/8.2.1/../../../../arm-none-eabi/lib/thumb/v7-m/nofp/crt0.o (__libc_init_array)
c:/program files/gnu tools arm embedded patched 64/8.2.1-1.2-20190119-1237/bin/../lib/gcc/arm-none-eabi/8.2.1/../../../../arm-none-eabi/lib/thumb/v7-m/nofp\libc_nano.a(lib_a-memset.o)
                              c:/program files/gnu tools arm embedded patched 64/8.2.1-1.2-20190119-1237/bin/../lib/gcc/arm-none-eabi/8.2.1/../../../../arm-none-eabi/lib/thumb/v7-m/nofp/crt0.o (memset)
c:/program files/gnu tools arm embedded patched 64/8.2.1-1.2-20190119-1237/bin/../lib/gcc/arm-none-eabi/8.2.1/../../../../arm-none-eabi/lib/thumb/v7-m/nofp\libnosys.a(_exit.o)
                              c:/program files/gnu tools arm embedded patched 64/8.2.1-1.2-20190119-1237/bin/../lib/gcc/arm-none-eabi/8.2.1/../../../../arm-none-eabi/lib/thumb/v7-m/nofp\libc_nano.a(lib_a-exit.o) (_exit)

Allocating common symbols
Common symbol       size              file

readBufferSec1      0x1000            build/main.o
uwTick              0x4               build/stm32f1xx_hal.o
pFlash              0x20              build/stm32f1xx_hal_flash.o
w25qxx              0x28              build/w25qxx.o
hspi1               0x58              build/spi.o
readBufferSec0      0x1000            build/main.o
device              0x1               build/main.o

Discarded input sections

 .text          0x0000000000000000        0x0 c:/program files/gnu tools arm embedded patched 64/8.2.1-1.2-20190119-1237/bin/../lib/gcc/arm-none-eabi/8.2.1/thumb/v7-m/nofp/crti.o
 .data          0x0000000000000000        0x0 c:/program files/gnu tools arm embedded patched 64/8.2.1-1.2-20190119-1237/bin/../lib/gcc/arm-none-eabi/8.2.1/thumb/v7-m/nofp/crti.o
 .bss           0x0000000000000000        0x0 c:/program files/gnu tools arm embedded patched 64/8.2.1-1.2-20190119-1237/bin/../lib/gcc/arm-none-eabi/8.2.1/thumb/v7-m/nofp/crti.o
 .text          0x0000000000000000        0x0 c:/program files/gnu tools arm embedded patched 64/8.2.1-1.2-20190119-1237/bin/../lib/gcc/arm-none-eabi/8.2.1/thumb/v7-m/nofp/crtbegin.o
 .data          0x0000000000000000        0x0 c:/program files/gnu tools arm embedded patched 64/8.2.1-1.2-20190119-1237/bin/../lib/gcc/arm-none-eabi/8.2.1/thumb/v7-m/nofp/crtbegin.o
 .bss           0x0000000000000000        0x0 c:/program files/gnu tools arm embedded patched 64/8.2.1-1.2-20190119-1237/bin/../lib/gcc/arm-none-eabi/8.2.1/thumb/v7-m/nofp/crtbegin.o
 .data.__dso_handle
                0x0000000000000000        0x4 c:/program files/gnu tools arm embedded patched 64/8.2.1-1.2-20190119-1237/bin/../lib/gcc/arm-none-eabi/8.2.1/thumb/v7-m/nofp/crtbegin.o
 .text          0x0000000000000000       0x74 c:/program files/gnu tools arm embedded patched 64/8.2.1-1.2-20190119-1237/bin/../lib/gcc/arm-none-eabi/8.2.1/../../../../arm-none-eabi/lib/thumb/v7-m/nofp/crt0.o
 .data          0x0000000000000000        0x0 c:/program files/gnu tools arm embedded patched 64/8.2.1-1.2-20190119-1237/bin/../lib/gcc/arm-none-eabi/8.2.1/../../../../arm-none-eabi/lib/thumb/v7-m/nofp/crt0.o
 .bss           0x0000000000000000        0x0 c:/program files/gnu tools arm embedded patched 64/8.2.1-1.2-20190119-1237/bin/../lib/gcc/arm-none-eabi/8.2.1/../../../../arm-none-eabi/lib/thumb/v7-m/nofp/crt0.o
 .ARM.extab     0x0000000000000000        0x0 c:/program files/gnu tools arm embedded patched 64/8.2.1-1.2-20190119-1237/bin/../lib/gcc/arm-none-eabi/8.2.1/../../../../arm-none-eabi/lib/thumb/v7-m/nofp/crt0.o
 .ARM.exidx     0x0000000000000000        0x8 c:/program files/gnu tools arm embedded patched 64/8.2.1-1.2-20190119-1237/bin/../lib/gcc/arm-none-eabi/8.2.1/../../../../arm-none-eabi/lib/thumb/v7-m/nofp/crt0.o
 .ARM.attributes
[...]
Memory Configuration

Name             Origin             Length             Attributes
RAM              0x0000000020000000 0x0000000000005000 xrw
FLASH            0x0000000008000000 0x0000000000010000 xr
*default*        0x0000000000000000 0xffffffffffffffff

Linker script and memory map

LOAD c:/program files/gnu tools arm embedded patched 64/8.2.1-1.2-20190119-1237/bin/../lib/gcc/arm-none-eabi/8.2.1/thumb/v7-m/nofp/crti.o
LOAD c:/program files/gnu tools arm embedded patched 64/8.2.1-1.2-20190119-1237/bin/../lib/gcc/arm-none-eabi/8.2.1/thumb/v7-m/nofp/crtbegin.o
LOAD c:/program files/gnu tools arm embedded patched 64/8.2.1-1.2-20190119-1237/bin/../lib/gcc/arm-none-eabi/8.2.1/../../../../arm-none-eabi/lib/thumb/v7-m/nofp/crt0.o
LOAD build/main.o
LOAD build/gpio.o
LOAD build/spi.o
LOAD build/sys.o
LOAD build/stm32f1xx_it.o
LOAD build/stm32f1xx_hal_msp.o
LOAD build/stm32f1xx_hal_gpio_ex.o
LOAD build/stm32f1xx_hal_spi.o
LOAD build/stm32f1xx_hal.o
LOAD build/stm32f1xx_hal_rcc.o
LOAD build/stm32f1xx_hal_rcc_ex.o
LOAD build/stm32f1xx_hal_gpio.o
LOAD build/stm32f1xx_hal_dma.o
LOAD build/stm32f1xx_hal_cortex.o
LOAD build/stm32f1xx_hal_pwr.o
LOAD build/stm32f1xx_hal_flash.o
LOAD build/stm32f1xx_hal_flash_ex.o
LOAD build/stm32f1xx_hal_exti.o
LOAD build/stm32f1xx_hal_tim.o
LOAD build/stm32f1xx_hal_tim_ex.o
LOAD build/system_stm32f1xx.o
LOAD build/w25qxx.o
LOAD build/startup_stm32f103xb.o
LOAD c:/program files/gnu tools arm embedded patched 64/8.2.1-1.2-20190119-1237/bin/../lib/gcc/arm-none-eabi/8.2.1/../../../../arm-none-eabi/lib/thumb/v7-m/nofp\libc_nano.a
LOAD c:/program files/gnu tools arm embedded patched 64/8.2.1-1.2-20190119-1237/bin/../lib/gcc/arm-none-eabi/8.2.1/../../../../arm-none-eabi/lib/thumb/v7-m/nofp\libm.a
LOAD c:/program files/gnu tools arm embedded patched 64/8.2.1-1.2-20190119-1237/bin/../lib/gcc/arm-none-eabi/8.2.1/../../../../arm-none-eabi/lib/thumb/v7-m/nofp\libnosys.a
START GROUP
LOAD c:/program files/gnu tools arm embedded patched 64/8.2.1-1.2-20190119-1237/bin/../lib/gcc/arm-none-eabi/8.2.1/thumb/v7-m/nofp\libgcc.a
LOAD c:/program files/gnu tools arm embedded patched 64/8.2.1-1.2-20190119-1237/bin/../lib/gcc/arm-none-eabi/8.2.1/../../../../arm-none-eabi/lib/thumb/v7-m/nofp\libc_nano.a
END GROUP
START GROUP
LOAD c:/program files/gnu tools arm embedded patched 64/8.2.1-1.2-20190119-1237/bin/../lib/gcc/arm-none-eabi/8.2.1/thumb/v7-m/nofp\libgcc.a
LOAD c:/program files/gnu tools arm embedded patched 64/8.2.1-1.2-20190119-1237/bin/../lib/gcc/arm-none-eabi/8.2.1/../../../../arm-none-eabi/lib/thumb/v7-m/nofp\libc_nano.a
END GROUP
LOAD c:/program files/gnu tools arm embedded patched 64/8.2.1-1.2-20190119-1237/bin/../lib/gcc/arm-none-eabi/8.2.1/thumb/v7-m/nofp/crtend.o
LOAD c:/program files/gnu tools arm embedded patched 64/8.2.1-1.2-20190119-1237/bin/../lib/gcc/arm-none-eabi/8.2.1/thumb/v7-m/nofp/crtn.o
                0x0000000020005000                _estack = 0x20005000
                0x0000000000000200                _Min_Heap_Size = 0x200
                0x0000000000000400                _Min_Stack_Size = 0x400

.isr_vector     0x0000000008000000      0x10c
                0x0000000008000000                . = ALIGN (0x4)
 *(.isr_vector)
 .isr_vector    0x0000000008000000      0x10c build/startup_stm32f103xb.o
                0x0000000008000000                g_pfnVectors
                0x000000000800010c                . = ALIGN (0x4)

.text           0x000000000800010c     0x21ac
                0x000000000800010c                . = ALIGN (0x4)
 *(.text)
 *(.text*)
 .text.deregister_tm_clones
                0x000000000800010c       0x1c c:/program files/gnu tools arm embedded patched 64/8.2.1-1.2-20190119-1237/bin/../lib/gcc/arm-none-eabi/8.2.1/thumb/v7-m/nofp/crtbegin.o
 .text.register_tm_clones
                0x0000000008000128       0x24 c:/program files/gnu tools arm embedded patched 64/8.2.1-1.2-20190119-1237/bin/../lib/gcc/arm-none-eabi/8.2.1/thumb/v7-m/nofp/crtbegin.o
 .text.__do_global_dtors_aux
                0x000000000800014c       0x28 c:/program files/gnu tools arm embedded patched 64/8.2.1-1.2-20190119-1237/bin/../lib/gcc/arm-none-eabi/8.2.1/thumb/v7-m/nofp/crtbegin.o
 .text.frame_dummy
                0x0000000008000174       0x24 c:/program files/gnu tools arm embedded patched 64/8.2.1-1.2-20190119-1237/bin/../lib/gcc/arm-none-eabi/8.2.1/thumb/v7-m/nofp/crtbegin.o
 .text.main     0x0000000008000198      0x11c build/main.o
                0x0000000008000198                main
 .text.SystemClock_Config
                0x00000000080002b4       0x8a build/main.o
                0x00000000080002b4                SystemClock_Config
 .text.Error_Handler
                0x000000000800033e        0xc build/main.o
                0x000000000800033e                Error_Handler
 *fill*         0x000000000800034a        0x2 
 .text.MX_GPIO_Init
                0x000000000800034c       0xc8 build/gpio.o
                0x000000000800034c                MX_GPIO_Init
 .text.MX_SPI1_Init
                0x0000000008000414       0x6c build/spi.o
                0x0000000008000414                MX_SPI1_Init
 .text.HAL_SPI_MspInit
                0x0000000008000480       0x94 build/spi.o
                0x0000000008000480                HAL_SPI_MspInit
 .text.NMI_Handler
                0x0000000008000514        0xc build/stm32f1xx_it.o
                0x0000000008000514                NMI_Handler
 .text.HardFault_Handler
                0x0000000008000520        0x6 build/stm32f1xx_it.o
                0x0000000008000520                HardFault_Handler
 .text.MemManage_Handler
                0x0000000008000526        0x6 build/stm32f1xx_it.o
                0x0000000008000526                MemManage_Handler
 .text.BusFault_Handler
                0x000000000800052c        0x6 build/stm32f1xx_it.o
                0x000000000800052c                BusFault_Handler
 .text.UsageFault_Handler
                0x0000000008000532        0x6 build/stm32f1xx_it.o
                0x0000000008000532                UsageFault_Handler
 .text.SVC_Handler
                0x0000000008000538        0xc build/stm32f1xx_it.o
                0x0000000008000538                SVC_Handler
 .text.DebugMon_Handler
                0x0000000008000544        0xc build/stm32f1xx_it.o
                0x0000000008000544                DebugMon_Handler
 .text.PendSV_Handler
                0x0000000008000550        0xc build/stm32f1xx_it.o
                0x0000000008000550                PendSV_Handler
 .text.SysTick_Handler
                0x000000000800055c        0xc build/stm32f1xx_it.o
                0x000000000800055c                SysTick_Handler
 .text.HAL_MspInit
                0x0000000008000568       0x64 build/stm32f1xx_hal_msp.o
                0x0000000008000568                HAL_MspInit
 .text.HAL_SPI_Init
                0x00000000080005cc       0xc2 build/stm32f1xx_hal_spi.o
                0x00000000080005cc                HAL_SPI_Init
 .text.HAL_SPI_Receive
                0x000000000800068e      0x212 build/stm32f1xx_hal_spi.o
                0x000000000800068e                HAL_SPI_Receive
 .text.HAL_SPI_TransmitReceive
                0x00000000080008a0      0x344 build/stm32f1xx_hal_spi.o
                0x00000000080008a0                HAL_SPI_TransmitReceive
 .text.SPI_WaitFlagStateUntilTimeout
                0x0000000008000be4       0xd4 build/stm32f1xx_hal_spi.o
 .text.SPI_EndRxTransaction
                0x0000000008000cb8       0xa4 build/stm32f1xx_hal_spi.o
 .text.SPI_EndRxTxTransaction
                0x0000000008000d5c       0x3c build/stm32f1xx_hal_spi.o
 .text.HAL_Init
                0x0000000008000d98       0x2c build/stm32f1xx_hal.o
                0x0000000008000d98                HAL_Init
 .text.HAL_InitTick
                0x0000000008000dc4       0x60 build/stm32f1xx_hal.o
                0x0000000008000dc4                HAL_InitTick
 .text.HAL_IncTick
                0x0000000008000e24       0x24 build/stm32f1xx_hal.o
                0x0000000008000e24                HAL_IncTick
 .text.HAL_GetTick
                0x0000000008000e48       0x14 build/stm32f1xx_hal.o
                0x0000000008000e48                HAL_GetTick
 .text.HAL_Delay
                0x0000000008000e5c       0x44 build/stm32f1xx_hal.o
                0x0000000008000e5c                HAL_Delay
 .text.HAL_RCC_OscConfig
                0x0000000008000ea0      0x500 build/stm32f1xx_hal_rcc.o
                0x0000000008000ea0                HAL_RCC_OscConfig
 .text.HAL_RCC_ClockConfig
                0x00000000080013a0      0x1d4 build/stm32f1xx_hal_rcc.o
                0x00000000080013a0                HAL_RCC_ClockConfig
 .text.HAL_RCC_GetSysClockFreq
                0x0000000008001574       0xc4 build/stm32f1xx_hal_rcc.o
                0x0000000008001574                HAL_RCC_GetSysClockFreq
 .text.RCC_Delay
                0x0000000008001638       0x3c build/stm32f1xx_hal_rcc.o
 .text.HAL_GPIO_Init
                0x0000000008001674      0x2b4 build/stm32f1xx_hal_gpio.o
                0x0000000008001674                HAL_GPIO_Init
 .text.HAL_GPIO_ReadPin
                0x0000000008001928       0x2e build/stm32f1xx_hal_gpio.o
                0x0000000008001928                HAL_GPIO_ReadPin
 .text.HAL_GPIO_WritePin
                0x0000000008001956       0x30 build/stm32f1xx_hal_gpio.o
                0x0000000008001956                HAL_GPIO_WritePin
 *fill*         0x0000000008001986        0x2 
 .text.__NVIC_SetPriorityGrouping
                0x0000000008001988       0x48 build/stm32f1xx_hal_cortex.o
 .text.__NVIC_GetPriorityGrouping
                0x00000000080019d0       0x1c build/stm32f1xx_hal_cortex.o
 .text.__NVIC_SetPriority
                0x00000000080019ec       0x54 build/stm32f1xx_hal_cortex.o
 .text.NVIC_EncodePriority
                0x0000000008001a40       0x64 build/stm32f1xx_hal_cortex.o
 .text.SysTick_Config
                0x0000000008001aa4       0x44 build/stm32f1xx_hal_cortex.o
 .text.HAL_NVIC_SetPriorityGrouping
                0x0000000008001ae8       0x16 build/stm32f1xx_hal_cortex.o
                0x0000000008001ae8                HAL_NVIC_SetPriorityGrouping
 .text.HAL_NVIC_SetPriority
                0x0000000008001afe       0x38 build/stm32f1xx_hal_cortex.o
                0x0000000008001afe                HAL_NVIC_SetPriority
 .text.HAL_SYSTICK_Config
                0x0000000008001b36       0x18 build/stm32f1xx_hal_cortex.o
                0x0000000008001b36                HAL_SYSTICK_Config
 *fill*         0x0000000008001b4e        0x2 
 .text.SystemInit
                0x0000000008001b50       0x68 build/system_stm32f1xx.o
                0x0000000008001b50                SystemInit
 .text.W25qxx_Spi
                0x0000000008001bb8       0x2c build/w25qxx.o
                0x0000000008001bb8                W25qxx_Spi
 .text.W25qxx_ReadUniqID
                0x0000000008001be4       0x6c build/w25qxx.o
                0x0000000008001be4                W25qxx_ReadUniqID
 .text.W25qxx_WriteEnable
                0x0000000008001c50       0x2c build/w25qxx.o
                0x0000000008001c50                W25qxx_WriteEnable
 .text.W25qxx_ReadStatusRegister
                0x0000000008001c7c       0x8c build/w25qxx.o
                0x0000000008001c7c                W25qxx_ReadStatusRegister
 .text.W25qxx_WaitForWriteEnd
                0x0000000008001d08       0x54 build/w25qxx.o
                0x0000000008001d08                W25qxx_WaitForWriteEnd
 .text.W25qxx_Init
                0x0000000008001d5c      0x178 build/w25qxx.o
                0x0000000008001d5c                W25qxx_Init
 .text.W25qxx_EraseSector
                0x0000000008001ed4       0xa8 build/w25qxx.o
                0x0000000008001ed4                W25qxx_EraseSector
 .text.W25qxx_SectorToPage
                0x0000000008001f7c       0x28 build/w25qxx.o
                0x0000000008001f7c                W25qxx_SectorToPage
 .text.W25qxx_WriteByte
                0x0000000008001fa4       0xa4 build/w25qxx.o
                0x0000000008001fa4                W25qxx_WriteByte
 .text.W25qxx_ReadPage
                0x0000000008002048       0xf4 build/w25qxx.o
                0x0000000008002048                W25qxx_ReadPage
 .text.W25qxx_ReadSector
                0x000000000800213c       0xc0 build/w25qxx.o
                0x000000000800213c                W25qxx_ReadSector
 .text.Reset_Handler
                0x00000000080021fc       0x48 build/startup_stm32f103xb.o
                0x00000000080021fc                Reset_Handler
 .text.Default_Handler
                0x0000000008002244        0x2 build/startup_stm32f103xb.o
                0x0000000008002244                RTC_Alarm_IRQHandler
                0x0000000008002244                EXTI2_IRQHandler
                0x0000000008002244                TIM1_CC_IRQHandler
                0x0000000008002244                PVD_IRQHandler
                0x0000000008002244                EXTI3_IRQHandler
                0x0000000008002244                EXTI0_IRQHandler
                0x0000000008002244                I2C2_EV_IRQHandler
                0x0000000008002244                ADC1_2_IRQHandler
                0x0000000008002244                SPI1_IRQHandler
                0x0000000008002244                TAMPER_IRQHandler
                0x0000000008002244                DMA1_Channel4_IRQHandler
                0x0000000008002244                USART3_IRQHandler
                0x0000000008002244                RTC_IRQHandler
                0x0000000008002244                DMA1_Channel7_IRQHandler
                0x0000000008002244                CAN1_RX1_IRQHandler
                0x0000000008002244                TIM4_IRQHandler
                0x0000000008002244                I2C1_EV_IRQHandler
                0x0000000008002244                DMA1_Channel6_IRQHandler
                0x0000000008002244                TIM3_IRQHandler
                0x0000000008002244                RCC_IRQHandler
                0x0000000008002244                TIM1_TRG_COM_IRQHandler
                0x0000000008002244                DMA1_Channel1_IRQHandler
                0x0000000008002244                Default_Handler
                0x0000000008002244                EXTI15_10_IRQHandler
                0x0000000008002244                EXTI9_5_IRQHandler
                0x0000000008002244                SPI2_IRQHandler
                0x0000000008002244                DMA1_Channel5_IRQHandler
                0x0000000008002244                EXTI4_IRQHandler
                0x0000000008002244                USB_LP_CAN1_RX0_IRQHandler
                0x0000000008002244                USB_HP_CAN1_TX_IRQHandler
                0x0000000008002244                DMA1_Channel3_IRQHandler
                0x0000000008002244                TIM1_UP_IRQHandler
                0x0000000008002244                WWDG_IRQHandler
                0x0000000008002244                TIM2_IRQHandler
                0x0000000008002244                TIM1_BRK_IRQHandler
                0x0000000008002244                EXTI1_IRQHandler
                0x0000000008002244                USART2_IRQHandler
                0x0000000008002244                I2C2_ER_IRQHandler
                0x0000000008002244                DMA1_Channel2_IRQHandler
                0x0000000008002244                CAN1_SCE_IRQHandler
                0x0000000008002244                FLASH_IRQHandler
                0x0000000008002244                USART1_IRQHandler
                0x0000000008002244                I2C1_ER_IRQHandler
                0x0000000008002244                USBWakeUp_IRQHandler
 *fill*         0x0000000008002246        0x2 
 .text.__libc_init_array
                0x0000000008002248       0x48 c:/program files/gnu tools arm embedded patched 64/8.2.1-1.2-20190119-1237/bin/../lib/gcc/arm-none-eabi/8.2.1/../../../../arm-none-eabi/lib/thumb/v7-m/nofp\libc_nano.a(lib_a-init.o)
                0x0000000008002248                __libc_init_array
 .text.memset   0x0000000008002290       0x10 c:/program files/gnu tools arm embedded patched 64/8.2.1-1.2-20190119-1237/bin/../lib/gcc/arm-none-eabi/8.2.1/../../../../arm-none-eabi/lib/thumb/v7-m/nofp\libc_nano.a(lib_a-memset.o)
                0x0000000008002290                memset
 *(.glue_7)
 .glue_7        0x00000000080022a0        0x0 linker stubs
 *(.glue_7t)
 .glue_7t       0x00000000080022a0        0x0 linker stubs
 *(.eh_frame)
 .eh_frame      0x00000000080022a0        0x0 c:/program files/gnu tools arm embedded patched 64/8.2.1-1.2-20190119-1237/bin/../lib/gcc/arm-none-eabi/8.2.1/thumb/v7-m/nofp/crtbegin.o
 *(.init)
 .init          0x00000000080022a0        0x4 c:/program files/gnu tools arm embedded patched 64/8.2.1-1.2-20190119-1237/bin/../lib/gcc/arm-none-eabi/8.2.1/thumb/v7-m/nofp/crti.o
                0x00000000080022a0                _init
 .init          0x00000000080022a4        0x8 c:/program files/gnu tools arm embedded patched 64/8.2.1-1.2-20190119-1237/bin/../lib/gcc/arm-none-eabi/8.2.1/thumb/v7-m/nofp/crtn.o
 *(.fini)
 .fini          0x00000000080022ac        0x4 c:/program files/gnu tools arm embedded patched 64/8.2.1-1.2-20190119-1237/bin/../lib/gcc/arm-none-eabi/8.2.1/thumb/v7-m/nofp/crti.o
                0x00000000080022ac                _fini
 .fini          0x00000000080022b0        0x8 c:/program files/gnu tools arm embedded patched 64/8.2.1-1.2-20190119-1237/bin/../lib/gcc/arm-none-eabi/8.2.1/thumb/v7-m/nofp/crtn.o
                0x00000000080022b8                . = ALIGN (0x4)
                0x00000000080022b8                _etext = .

.vfp11_veneer   0x00000000080022b8        0x0
 .vfp11_veneer  0x00000000080022b8        0x0 linker stubs

.v4_bx          0x00000000080022b8        0x0
 .v4_bx         0x00000000080022b8        0x0 linker stubs

.iplt           0x00000000080022b8        0x0
 .iplt          0x00000000080022b8        0x0 c:/program files/gnu tools arm embedded patched 64/8.2.1-1.2-20190119-1237/bin/../lib/gcc/arm-none-eabi/8.2.1/thumb/v7-m/nofp/crtbegin.o

.rodata         0x00000000080022b8       0x24
                0x00000000080022b8                . = ALIGN (0x4)
 *(.rodata)
 .rodata        0x00000000080022b8       0x12 build/stm32f1xx_hal_rcc.o
 *(.rodata*)
 *fill*         0x00000000080022ca        0x2 
 .rodata.AHBPrescTable
                0x00000000080022cc       0x10 build/system_stm32f1xx.o
                0x00000000080022cc                AHBPrescTable
                0x00000000080022dc                . = ALIGN (0x4)

.rel.dyn        0x00000000080022dc        0x0
 .rel.iplt      0x00000000080022dc        0x0 c:/program files/gnu tools arm embedded patched 64/8.2.1-1.2-20190119-1237/bin/../lib/gcc/arm-none-eabi/8.2.1/thumb/v7-m/nofp/crtbegin.o

.ARM.extab
 *(.ARM.extab* .gnu.linkonce.armextab.*)

.ARM            0x00000000080022dc        0x0
                0x00000000080022dc                __exidx_start = .
 *(.ARM.exidx*)
                0x00000000080022dc                __exidx_end = .

.preinit_array  0x00000000080022dc        0x0
                0x00000000080022dc                PROVIDE (__preinit_array_start = .)
 *(.preinit_array*)
                0x00000000080022dc                PROVIDE (__preinit_array_end = .)

.init_array     0x00000000080022dc        0x4
                0x00000000080022dc                PROVIDE (__init_array_start = .)
 *(SORT_BY_NAME(.init_array.*))
 *(.init_array*)
 .init_array    0x00000000080022dc        0x4 c:/program files/gnu tools arm embedded patched 64/8.2.1-1.2-20190119-1237/bin/../lib/gcc/arm-none-eabi/8.2.1/thumb/v7-m/nofp/crtbegin.o
                0x00000000080022e0                PROVIDE (__init_array_end = .)

.fini_array     0x00000000080022e0        0x4
                [!provide]                        PROVIDE (__fini_array_start = .)
 *(SORT_BY_NAME(.fini_array.*))
 *(.fini_array*)
 .fini_array    0x00000000080022e0        0x4 c:/program files/gnu tools arm embedded patched 64/8.2.1-1.2-20190119-1237/bin/../lib/gcc/arm-none-eabi/8.2.1/thumb/v7-m/nofp/crtbegin.o
                [!provide]                        PROVIDE (__fini_array_end = .)
                0x00000000080022e4                _sidata = LOADADDR (.data)

.data           0x0000000020000000        0xc load address 0x00000000080022e4
                0x0000000020000000                . = ALIGN (0x4)
                0x0000000020000000                _sdata = .
 *(.data)
 *(.data*)
 .data.uwTickPrio
                0x0000000020000000        0x4 build/stm32f1xx_hal.o
                0x0000000020000000                uwTickPrio
 .data.uwTickFreq
                0x0000000020000004        0x1 build/stm32f1xx_hal.o
                0x0000000020000004                uwTickFreq
 *fill*         0x0000000020000005        0x3 
 .data.SystemCoreClock
                0x0000000020000008        0x4 build/system_stm32f1xx.o
                0x0000000020000008                SystemCoreClock
                0x000000002000000c                . = ALIGN (0x4)
                0x000000002000000c                _edata = .

.tm_clone_table
                0x000000002000000c        0x0 load address 0x00000000080022f0
 .tm_clone_table
                0x000000002000000c        0x0 c:/program files/gnu tools arm embedded patched 64/8.2.1-1.2-20190119-1237/bin/../lib/gcc/arm-none-eabi/8.2.1/thumb/v7-m/nofp/crtbegin.o
 .tm_clone_table
                0x000000002000000c        0x0 c:/program files/gnu tools arm embedded patched 64/8.2.1-1.2-20190119-1237/bin/../lib/gcc/arm-none-eabi/8.2.1/thumb/v7-m/nofp/crtend.o

.igot.plt       0x000000002000000c        0x0 load address 0x00000000080022f0
 .igot.plt      0x000000002000000c        0x0 c:/program files/gnu tools arm embedded patched 64/8.2.1-1.2-20190119-1237/bin/../lib/gcc/arm-none-eabi/8.2.1/thumb/v7-m/nofp/crtbegin.o
                0x000000002000000c                . = ALIGN (0x4)

.bss            0x000000002000000c     0x20ac load address 0x00000000080022f0
                0x000000002000000c                _sbss = .
                0x000000002000000c                __bss_start__ = _sbss
 *(.bss)
 *(.bss*)
 .bss.completed.6707
                0x000000002000000c        0x1 c:/program files/gnu tools arm embedded patched 64/8.2.1-1.2-20190119-1237/bin/../lib/gcc/arm-none-eabi/8.2.1/thumb/v7-m/nofp/crtbegin.o
 *fill*         0x000000002000000d        0x3 
 .bss.object.6712
                0x0000000020000010       0x18 c:/program files/gnu tools arm embedded patched 64/8.2.1-1.2-20190119-1237/bin/../lib/gcc/arm-none-eabi/8.2.1/thumb/v7-m/nofp/crtbegin.o
 .bss.writeCount
                0x0000000020000028        0x4 build/main.o
                0x0000000020000028                writeCount
 .bss.writeFlag
                0x000000002000002c        0x1 build/main.o
                0x000000002000002c                writeFlag
 .bss.writeVal  0x000000002000002d        0x1 build/main.o
                0x000000002000002d                writeVal
 .bss.readFlag  0x000000002000002e        0x1 build/main.o
                0x000000002000002e                readFlag
 *(COMMON)
 *fill*         0x000000002000002f        0x1 
 COMMON         0x0000000020000030     0x2001 build/main.o
                0x0000000020000030                readBufferSec1
                0x0000000020001030                readBufferSec0
                0x0000000020002030                device
 *fill*         0x0000000020002031        0x3 
 COMMON         0x0000000020002034       0x58 build/spi.o
                0x0000000020002034                hspi1
 COMMON         0x000000002000208c        0x4 build/stm32f1xx_hal.o
                0x000000002000208c                uwTick
 COMMON         0x0000000020002090       0x28 build/w25qxx.o
                0x0000000020002090                w25qxx
                0x00000000200020b8                . = ALIGN (0x4)
                0x00000000200020b8                _ebss = .
                0x00000000200020b8                __bss_end__ = _ebss

._user_heap_stack
                0x00000000200020b8      0x600 load address 0x00000000080022f0
                0x00000000200020b8                . = ALIGN (0x8)
                [!provide]                        PROVIDE (end = .)
                [!provide]                        PROVIDE (_end = .)
                0x00000000200022b8                . = (. + _Min_Heap_Size)
 *fill*         0x00000000200020b8      0x200 
                0x00000000200026b8                . = (. + _Min_Stack_Size)
 *fill*         0x00000000200022b8      0x400 
                0x00000000200026b8                . = ALIGN (0x8)

/DISCARD/
 libc.a(*)
 libm.a(*)
 libgcc.a(*)

.ARM.attributes
                0x0000000000000000       0x29
 *(.ARM.attributes)
 .ARM.attributes
                0x0000000000000000       0x1d c:/program files/gnu tools arm embedded patched 64/8.2.1-1.2-20190119-1237/bin/../lib/gcc/arm-none-eabi/8.2.1/thumb/v7-m/nofp/crti.o
 .ARM.attributes
                0x000000000000001d       0x2d c:/program files/gnu tools arm embedded patched 64/8.2.1-1.2-20190119-1237/bin/../lib/gcc/arm-none-eabi/8.2.1/thumb/v7-m/nofp/crtbegin.o
 .ARM.attributes
                0x000000000000004a       0x2d build/main.o
 .ARM.attributes
                0x0000000000000077       0x2d build/gpio.o
 .ARM.attributes
                0x00000000000000a4       0x2d build/spi.o
 .ARM.attributes
                0x00000000000000d1       0x2d build/stm32f1xx_it.o
 .ARM.attributes
                0x00000000000000fe       0x2d build/stm32f1xx_hal_msp.o
 .ARM.attributes
                0x000000000000012b       0x2d build/stm32f1xx_hal_spi.o
 .ARM.attributes
                0x0000000000000158       0x2d build/stm32f1xx_hal.o
 .ARM.attributes
                0x0000000000000185       0x2d build/stm32f1xx_hal_rcc.o
 .ARM.attributes
                0x00000000000001b2       0x2d build/stm32f1xx_hal_gpio.o
 .ARM.attributes
                0x00000000000001df       0x2d build/stm32f1xx_hal_cortex.o
 .ARM.attributes
                0x000000000000020c       0x2d build/system_stm32f1xx.o
 .ARM.attributes
                0x0000000000000239       0x2d build/w25qxx.o
 .ARM.attributes
                0x0000000000000266       0x21 build/startup_stm32f103xb.o
 .ARM.attributes
                0x0000000000000287       0x2d c:/program files/gnu tools arm embedded patched 64/8.2.1-1.2-20190119-1237/bin/../lib/gcc/arm-none-eabi/8.2.1/../../../../arm-none-eabi/lib/thumb/v7-m/nofp\libc_nano.a(lib_a-init.o)
 .ARM.attributes
                0x00000000000002b4       0x2d c:/program files/gnu tools arm embedded patched 64/8.2.1-1.2-20190119-1237/bin/../lib/gcc/arm-none-eabi/8.2.1/../../../../arm-none-eabi/lib/thumb/v7-m/nofp\libc_nano.a(lib_a-memset.o)
 .ARM.attributes
                0x00000000000002e1       0x2d c:/program files/gnu tools arm embedded patched 64/8.2.1-1.2-20190119-1237/bin/../lib/gcc/arm-none-eabi/8.2.1/thumb/v7-m/nofp/crtend.o
 .ARM.attributes
                0x000000000000030e       0x1d c:/program files/gnu tools arm embedded patched 64/8.2.1-1.2-20190119-1237/bin/../lib/gcc/arm-none-eabi/8.2.1/thumb/v7-m/nofp/crtn.o
OUTPUT(build/ISDN4KDmcu.elf elf32-littlearm)

.debug_info     0x0000000000000000     0x7168
 .debug_info    0x0000000000000000      0xb21 build/main.o
 .debug_info    0x0000000000000b21      0x3be build/gpio.o
 .debug_info    0x0000000000000edf      0x94c build/spi.o
 .debug_info    0x000000000000182b      0x24a build/stm32f1xx_it.o
 .debug_info    0x0000000000001a75      0x31f build/stm32f1xx_hal_msp.o
 .debug_info    0x0000000000001d94     0x17f0 build/stm32f1xx_hal_spi.o
 .debug_info    0x0000000000003584      0x80e build/stm32f1xx_hal.o
 .debug_info    0x0000000000003d92      0x938 build/stm32f1xx_hal_rcc.o
 .debug_info    0x00000000000046ca      0x759 build/stm32f1xx_hal_gpio.o
 .debug_info    0x0000000000004e23      0xcb1 build/stm32f1xx_hal_cortex.o
 .debug_info    0x0000000000005ad4      0x4c2 build/system_stm32f1xx.o
 .debug_info    0x0000000000005f96     0x11b0 build/w25qxx.o
 .debug_info    0x0000000000007146       0x22 build/startup_stm32f103xb.o

.debug_abbrev   0x0000000000000000     0x1675
 .debug_abbrev  0x0000000000000000      0x1c7 build/main.o
 .debug_abbrev  0x00000000000001c7      0x14d build/gpio.o
 .debug_abbrev  0x0000000000000314      0x1ba build/spi.o
 .debug_abbrev  0x00000000000004ce       0xd1 build/stm32f1xx_it.o
 .debug_abbrev  0x000000000000059f      0x11c build/stm32f1xx_hal_msp.o
 .debug_abbrev  0x00000000000006bb      0x26d build/stm32f1xx_hal_spi.o
 .debug_abbrev  0x0000000000000928      0x1ff build/stm32f1xx_hal.o
 .debug_abbrev  0x0000000000000b27      0x272 build/stm32f1xx_hal_rcc.o
 .debug_abbrev  0x0000000000000d99      0x1e7 build/stm32f1xx_hal_gpio.o
 .debug_abbrev  0x0000000000000f80      0x2f0 build/stm32f1xx_hal_cortex.o
 .debug_abbrev  0x0000000000001270      0x14d build/system_stm32f1xx.o
 .debug_abbrev  0x00000000000013bd      0x2a6 build/w25qxx.o
 .debug_abbrev  0x0000000000001663       0x12 build/startup_stm32f103xb.o

.debug_loc      0x0000000000000000     0x3638
 .debug_loc     0x0000000000000000       0xc2 build/main.o
 .debug_loc     0x00000000000000c2       0x50 build/gpio.o
 .debug_loc     0x0000000000000112       0xcc build/spi.o
 .debug_loc     0x00000000000001de      0x1ec build/stm32f1xx_it.o
 .debug_loc     0x00000000000003ca       0x5c build/stm32f1xx_hal_msp.o
 .debug_loc     0x0000000000000426     0x1208 build/stm32f1xx_hal_spi.o
 .debug_loc     0x000000000000162e      0x698 build/stm32f1xx_hal.o
 .debug_loc     0x0000000000001cc6      0x444 build/stm32f1xx_hal_rcc.o
 .debug_loc     0x000000000000210a      0x2d4 build/stm32f1xx_hal_gpio.o
 .debug_loc     0x00000000000023de      0x8f8 build/stm32f1xx_hal_cortex.o
 .debug_loc     0x0000000000002cd6       0xa0 build/system_stm32f1xx.o
 .debug_loc     0x0000000000002d76      0x8c2 build/w25qxx.o

.debug_aranges  0x0000000000000000      0x6e8
 .debug_aranges
                0x0000000000000000       0x30 build/main.o
 .debug_aranges
                0x0000000000000030       0x20 build/gpio.o
 .debug_aranges
                0x0000000000000050       0x30 build/spi.o
 .debug_aranges
                0x0000000000000080       0x60 build/stm32f1xx_it.o
 .debug_aranges
                0x00000000000000e0       0x20 build/stm32f1xx_hal_msp.o
 .debug_aranges
                0x0000000000000100      0x1d0 build/stm32f1xx_hal_spi.o
 .debug_aranges
                0x00000000000002d0       0xe0 build/stm32f1xx_hal.o
 .debug_aranges
                0x00000000000003b0       0x90 build/stm32f1xx_hal_rcc.o
 .debug_aranges
                0x0000000000000440       0x58 build/stm32f1xx_hal_gpio.o
 .debug_aranges
                0x0000000000000498      0x100 build/stm32f1xx_hal_cortex.o
 .debug_aranges
                0x0000000000000598       0x28 build/system_stm32f1xx.o
 .debug_aranges
                0x00000000000005c0      0x100 build/w25qxx.o
 .debug_aranges
                0x00000000000006c0       0x28 build/startup_stm32f103xb.o

.debug_ranges   0x0000000000000000      0x668
 .debug_ranges  0x0000000000000000       0x20 build/main.o
 .debug_ranges  0x0000000000000020       0x10 build/gpio.o
 .debug_ranges  0x0000000000000030       0x20 build/spi.o
 .debug_ranges  0x0000000000000050       0x50 build/stm32f1xx_it.o
 .debug_ranges  0x00000000000000a0       0x10 build/stm32f1xx_hal_msp.o
 .debug_ranges  0x00000000000000b0      0x1c0 build/stm32f1xx_hal_spi.o
 .debug_ranges  0x0000000000000270       0xd0 build/stm32f1xx_hal.o
 .debug_ranges  0x0000000000000340       0x80 build/stm32f1xx_hal_rcc.o
 .debug_ranges  0x00000000000003c0       0x48 build/stm32f1xx_hal_gpio.o
 .debug_ranges  0x0000000000000408       0xf0 build/stm32f1xx_hal_cortex.o
 .debug_ranges  0x00000000000004f8       0x18 build/system_stm32f1xx.o
 .debug_ranges  0x0000000000000510      0x138 build/w25qxx.o
 .debug_ranges  0x0000000000000648       0x20 build/startup_stm32f103xb.o

.debug_line     0x0000000000000000     0x4e54
 .debug_line    0x0000000000000000      0x362 build/main.o
 .debug_line    0x0000000000000362      0x219 build/gpio.o
 .debug_line    0x000000000000057b      0x2bf build/spi.o
 .debug_line    0x000000000000083a      0x282 build/stm32f1xx_it.o
 .debug_line    0x0000000000000abc      0x1ea build/stm32f1xx_hal_msp.o
 .debug_line    0x0000000000000ca6     0x171a build/stm32f1xx_hal_spi.o
 .debug_line    0x00000000000023c0      0x4b4 build/stm32f1xx_hal.o
 .debug_line    0x0000000000002874      0x920 build/stm32f1xx_hal_rcc.o
 .debug_line    0x0000000000003194      0x58d build/stm32f1xx_hal_gpio.o
 .debug_line    0x0000000000003721      0x68e build/stm32f1xx_hal_cortex.o
 .debug_line    0x0000000000003daf      0x29d build/system_stm32f1xx.o
 .debug_line    0x000000000000404c      0xd96 build/w25qxx.o
 .debug_line    0x0000000000004de2       0x72 build/startup_stm32f103xb.o

.debug_str      0x0000000000000000     0x205c
 .debug_str     0x0000000000000000      0x7f9 build/main.o
                                        0x8c3 (size before relaxing)
 .debug_str     0x00000000000007f9       0xa1 build/gpio.o
                                        0x314 (size before relaxing)
 .debug_str     0x000000000000089a       0x43 build/spi.o
                                        0x6f7 (size before relaxing)
 .debug_str     0x00000000000008dd       0xa3 build/stm32f1xx_it.o
                                        0x2e1 (size before relaxing)
 .debug_str     0x0000000000000980       0x52 build/stm32f1xx_hal_msp.o
                                        0x2d6 (size before relaxing)
 .debug_str     0x00000000000009d2      0x53f build/stm32f1xx_hal_spi.o
                                        0xba4 (size before relaxing)
 .debug_str     0x0000000000000f11      0x522 build/stm32f1xx_hal.o
                                        0x804 (size before relaxing)
 .debug_str     0x0000000000001433      0x20c build/stm32f1xx_hal_rcc.o
                                        0x677 (size before relaxing)
 .debug_str     0x000000000000163f      0x147 build/stm32f1xx_hal_gpio.o
                                        0x4bc (size before relaxing)
 .debug_str     0x0000000000001786      0x3fd build/stm32f1xx_hal_cortex.o
                                        0x96b (size before relaxing)
 .debug_str     0x0000000000001b83       0x4a build/system_stm32f1xx.o
                                        0x32b (size before relaxing)
 .debug_str     0x0000000000001bcd      0x46a build/w25qxx.o
                                        0xb9c (size before relaxing)
 .debug_str     0x0000000000002037       0x25 build/startup_stm32f103xb.o
                                         0x3b (size before relaxing)

.comment        0x0000000000000000       0x68
 .comment       0x0000000000000000       0x68 build/main.o
                                         0x69 (size before relaxing)
 .comment       0x0000000000000068       0x69 build/gpio.o
 .comment       0x0000000000000068       0x69 build/spi.o
 .comment       0x0000000000000068       0x69 build/stm32f1xx_it.o
 .comment       0x0000000000000068       0x69 build/stm32f1xx_hal_msp.o
 .comment       0x0000000000000068       0x69 build/stm32f1xx_hal_spi.o
 .comment       0x0000000000000068       0x69 build/stm32f1xx_hal.o
 .comment       0x0000000000000068       0x69 build/stm32f1xx_hal_rcc.o
 .comment       0x0000000000000068       0x69 build/stm32f1xx_hal_gpio.o
 .comment       0x0000000000000068       0x69 build/stm32f1xx_hal_cortex.o
 .comment       0x0000000000000068       0x69 build/system_stm32f1xx.o
 .comment       0x0000000000000068       0x69 build/w25qxx.o

.debug_frame    0x0000000000000000     0x1bc8
 .debug_frame   0x0000000000000000       0x78 build/main.o
 .debug_frame   0x0000000000000078       0x38 build/gpio.o
 .debug_frame   0x00000000000000b0       0x7c build/spi.o
 .debug_frame   0x000000000000012c      0x12c build/stm32f1xx_it.o
 .debug_frame   0x0000000000000258       0x38 build/stm32f1xx_hal_msp.o
 .debug_frame   0x0000000000000290      0x8a8 build/stm32f1xx_hal_spi.o
 .debug_frame   0x0000000000000b38      0x390 build/stm32f1xx_hal.o
 .debug_frame   0x0000000000000ec8      0x23c build/stm32f1xx_hal_rcc.o
 .debug_frame   0x0000000000001104      0x154 build/stm32f1xx_hal_gpio.o
 .debug_frame   0x0000000000001258      0x460 build/stm32f1xx_hal_cortex.o
 .debug_frame   0x00000000000016b8       0x5c build/system_stm32f1xx.o
 .debug_frame   0x0000000000001714      0x468 build/w25qxx.o
 .debug_frame   0x0000000000001b7c       0x2c c:/program files/gnu tools arm embedded patched 64/8.2.1-1.2-20190119-1237/bin/../lib/gcc/arm-none-eabi/8.2.1/../../../../arm-none-eabi/lib/thumb/v7-m/nofp\libc_nano.a(lib_a-init.o)
 .debug_frame   0x0000000000001ba8       0x20 c:/program files/gnu tools arm embedded patched 64/8.2.1-1.2-20190119-1237/bin/../lib/gcc/arm-none-eabi/8.2.1/../../../../arm-none-eabi/lib/thumb/v7-m/nofp\libc_nano.a(lib_a-memset.o)

Cross Reference Table

Symbol                                            File
ADC1_2_IRQHandler                                 build/startup_stm32f103xb.o
AHBPrescTable                                     build/system_stm32f1xx.o
                                                  build/stm32f1xx_hal_rcc.o
APBPrescTable                                     build/system_stm32f1xx.o
                                                  build/stm32f1xx_hal_rcc.o
BusFault_Handler                                  build/stm32f1xx_it.o
CAN1_RX1_IRQHandler                               build/startup_stm32f103xb.o
CAN1_SCE_IRQHandler                               build/startup_stm32f103xb.o
DMA1_Channel1_IRQHandler                          build/startup_stm32f103xb.o
DMA1_Channel2_IRQHandler                          build/startup_stm32f103xb.o
DMA1_Channel3_IRQHandler                          build/startup_stm32f103xb.o
DMA1_Channel4_IRQHandler                          build/startup_stm32f103xb.o
DMA1_Channel5_IRQHandler                          build/startup_stm32f103xb.o
DMA1_Channel6_IRQHandler                          build/startup_stm32f103xb.o
DMA1_Channel7_IRQHandler                          build/startup_stm32f103xb.o
DebugMon_Handler                                  build/stm32f1xx_it.o
Default_Handler                                   build/startup_stm32f103xb.o
EXTI0_IRQHandler                                  build/startup_stm32f103xb.o
EXTI15_10_IRQHandler                              build/startup_stm32f103xb.o
EXTI1_IRQHandler                                  build/startup_stm32f103xb.o
EXTI2_IRQHandler                                  build/startup_stm32f103xb.o
EXTI3_IRQHandler                                  build/startup_stm32f103xb.o
EXTI4_IRQHandler                                  build/startup_stm32f103xb.o
EXTI9_5_IRQHandler                                build/startup_stm32f103xb.o
Error_Handler                                     build/main.o
                                                  build/spi.o
FLASH_IRQHandler                                  build/startup_stm32f103xb.o
FLASH_PageErase                                   build/stm32f1xx_hal_flash_ex.o
                                                  build/stm32f1xx_hal_flash.o
FLASH_WaitForLastOperation                        build/stm32f1xx_hal_flash.o
                                                  build/stm32f1xx_hal_flash_ex.o
HAL_DBGMCU_DisableDBGSleepMode                    build/stm32f1xx_hal.o
HAL_DBGMCU_DisableDBGStandbyMode                  build/stm32f1xx_hal.o
HAL_DBGMCU_DisableDBGStopMode                     build/stm32f1xx_hal.o
HAL_DBGMCU_EnableDBGSleepMode                     build/stm32f1xx_hal.o
HAL_DBGMCU_EnableDBGStandbyMode                   build/stm32f1xx_hal.o
HAL_DBGMCU_EnableDBGStopMode                      build/stm32f1xx_hal.o
HAL_DMA_Abort                                     build/stm32f1xx_hal_dma.o
                                                  build/stm32f1xx_hal_spi.o
HAL_DMA_Abort_IT                                  build/stm32f1xx_hal_dma.o
                                                  build/stm32f1xx_hal_spi.o
HAL_DMA_DeInit                                    build/stm32f1xx_hal_dma.o
HAL_DMA_GetError                                  build/stm32f1xx_hal_dma.o
HAL_DMA_GetState                                  build/stm32f1xx_hal_dma.o
HAL_DMA_IRQHandler                                build/stm32f1xx_hal_dma.o
HAL_DMA_Init                                      build/stm32f1xx_hal_dma.o
HAL_DMA_PollForTransfer                           build/stm32f1xx_hal_dma.o
HAL_DMA_RegisterCallback                          build/stm32f1xx_hal_dma.o
HAL_DMA_Start                                     build/stm32f1xx_hal_dma.o
HAL_DMA_Start_IT                                  build/stm32f1xx_hal_dma.o
                                                  build/stm32f1xx_hal_spi.o
HAL_DMA_UnRegisterCallback                        build/stm32f1xx_hal_dma.o
HAL_DeInit                                        build/stm32f1xx_hal.o
HAL_Delay                                         build/stm32f1xx_hal.o
                                                  build/w25qxx.o
HAL_EXTI_ClearConfigLine                          build/stm32f1xx_hal_exti.o
HAL_EXTI_ClearPending                             build/stm32f1xx_hal_exti.o
HAL_EXTI_GenerateSWI                              build/stm32f1xx_hal_exti.o
HAL_EXTI_GetConfigLine                            build/stm32f1xx_hal_exti.o
HAL_EXTI_GetHandle                                build/stm32f1xx_hal_exti.o
HAL_EXTI_GetPending                               build/stm32f1xx_hal_exti.o
HAL_EXTI_IRQHandler                               build/stm32f1xx_hal_exti.o
HAL_EXTI_RegisterCallback                         build/stm32f1xx_hal_exti.o
HAL_EXTI_SetConfigLine                            build/stm32f1xx_hal_exti.o
HAL_FLASHEx_Erase                                 build/stm32f1xx_hal_flash_ex.o
HAL_FLASHEx_Erase_IT                              build/stm32f1xx_hal_flash_ex.o
HAL_FLASHEx_OBErase                               build/stm32f1xx_hal_flash_ex.o
HAL_FLASHEx_OBGetConfig                           build/stm32f1xx_hal_flash_ex.o
HAL_FLASHEx_OBGetUserData                         build/stm32f1xx_hal_flash_ex.o
HAL_FLASHEx_OBProgram                             build/stm32f1xx_hal_flash_ex.o
HAL_FLASH_EndOfOperationCallback                  build/stm32f1xx_hal_flash.o
HAL_FLASH_GetError                                build/stm32f1xx_hal_flash.o
HAL_FLASH_IRQHandler                              build/stm32f1xx_hal_flash.o
HAL_FLASH_Lock                                    build/stm32f1xx_hal_flash.o
HAL_FLASH_OB_Launch                               build/stm32f1xx_hal_flash.o
HAL_FLASH_OB_Lock                                 build/stm32f1xx_hal_flash.o
HAL_FLASH_OB_Unlock                               build/stm32f1xx_hal_flash.o
HAL_FLASH_OperationErrorCallback                  build/stm32f1xx_hal_flash.o
HAL_FLASH_Program                                 build/stm32f1xx_hal_flash.o
HAL_FLASH_Program_IT                              build/stm32f1xx_hal_flash.o
HAL_FLASH_Unlock                                  build/stm32f1xx_hal_flash.o
HAL_GPIOEx_ConfigEventout                         build/stm32f1xx_hal_gpio_ex.o
HAL_GPIOEx_DisableEventout                        build/stm32f1xx_hal_gpio_ex.o
HAL_GPIOEx_EnableEventout                         build/stm32f1xx_hal_gpio_ex.o
HAL_GPIO_DeInit                                   build/stm32f1xx_hal_gpio.o
                                                  build/spi.o
HAL_GPIO_EXTI_Callback                            build/stm32f1xx_hal_gpio.o
HAL_GPIO_EXTI_IRQHandler                          build/stm32f1xx_hal_gpio.o
HAL_GPIO_Init                                     build/stm32f1xx_hal_gpio.o
                                                  build/stm32f1xx_hal_rcc.o
                                                  build/spi.o
                                                  build/gpio.o
HAL_GPIO_LockPin                                  build/stm32f1xx_hal_gpio.o
HAL_GPIO_ReadPin                                  build/stm32f1xx_hal_gpio.o
                                                  build/main.o
HAL_GPIO_TogglePin                                build/stm32f1xx_hal_gpio.o
HAL_GPIO_WritePin                                 build/stm32f1xx_hal_gpio.o
                                                  build/w25qxx.o
                                                  build/gpio.o
                                                  build/main.o
HAL_GetDEVID                                      build/stm32f1xx_hal.o
HAL_GetHalVersion                                 build/stm32f1xx_hal.o
HAL_GetREVID                                      build/stm32f1xx_hal.o
HAL_GetTick                                       build/stm32f1xx_hal.o
                                                  build/stm32f1xx_hal_flash.o
                                                  build/stm32f1xx_hal_dma.o
                                                  build/stm32f1xx_hal_rcc_ex.o
                                                  build/stm32f1xx_hal_rcc.o
                                                  build/stm32f1xx_hal_spi.o
HAL_GetTickFreq                                   build/stm32f1xx_hal.o
HAL_GetTickPrio                                   build/stm32f1xx_hal.o
HAL_GetUIDw0                                      build/stm32f1xx_hal.o
HAL_GetUIDw1                                      build/stm32f1xx_hal.o
HAL_GetUIDw2                                      build/stm32f1xx_hal.o
HAL_IncTick                                       build/stm32f1xx_hal.o
                                                  build/stm32f1xx_it.o
HAL_Init                                          build/stm32f1xx_hal.o
                                                  build/main.o
HAL_InitTick                                      build/stm32f1xx_hal.o
                                                  build/stm32f1xx_hal_rcc.o
HAL_MspDeInit                                     build/stm32f1xx_hal.o
HAL_MspInit                                       build/stm32f1xx_hal_msp.o
HAL_NVIC_ClearPendingIRQ                          build/stm32f1xx_hal_cortex.o
HAL_NVIC_DisableIRQ                               build/stm32f1xx_hal_cortex.o
HAL_NVIC_EnableIRQ                                build/stm32f1xx_hal_cortex.o
HAL_NVIC_GetActive                                build/stm32f1xx_hal_cortex.o
HAL_NVIC_GetPendingIRQ                            build/stm32f1xx_hal_cortex.o
HAL_NVIC_GetPriority                              build/stm32f1xx_hal_cortex.o
HAL_NVIC_GetPriorityGrouping                      build/stm32f1xx_hal_cortex.o
HAL_NVIC_SetPendingIRQ                            build/stm32f1xx_hal_cortex.o
HAL_NVIC_SetPriority                              build/stm32f1xx_hal_cortex.o
                                                  build/stm32f1xx_hal.o
HAL_NVIC_SetPriorityGrouping                      build/stm32f1xx_hal_cortex.o
                                                  build/stm32f1xx_hal.o
HAL_NVIC_SystemReset                              build/stm32f1xx_hal_cortex.o
                                                  build/stm32f1xx_hal_flash.o
HAL_PWR_ConfigPVD                                 build/stm32f1xx_hal_pwr.o
HAL_PWR_DeInit                                    build/stm32f1xx_hal_pwr.o
HAL_PWR_DisableBkUpAccess                         build/stm32f1xx_hal_pwr.o
HAL_PWR_DisablePVD                                build/stm32f1xx_hal_pwr.o
HAL_PWR_DisableSEVOnPend                          build/stm32f1xx_hal_pwr.o
HAL_PWR_DisableSleepOnExit                        build/stm32f1xx_hal_pwr.o
HAL_PWR_DisableWakeUpPin                          build/stm32f1xx_hal_pwr.o
HAL_PWR_EnableBkUpAccess                          build/stm32f1xx_hal_pwr.o
HAL_PWR_EnablePVD                                 build/stm32f1xx_hal_pwr.o
HAL_PWR_EnableSEVOnPend                           build/stm32f1xx_hal_pwr.o
HAL_PWR_EnableSleepOnExit                         build/stm32f1xx_hal_pwr.o
HAL_PWR_EnableWakeUpPin                           build/stm32f1xx_hal_pwr.o
HAL_PWR_EnterSLEEPMode                            build/stm32f1xx_hal_pwr.o
HAL_PWR_EnterSTANDBYMode                          build/stm32f1xx_hal_pwr.o
HAL_PWR_EnterSTOPMode                             build/stm32f1xx_hal_pwr.o
HAL_PWR_PVDCallback                               build/stm32f1xx_hal_pwr.o
HAL_PWR_PVD_IRQHandler                            build/stm32f1xx_hal_pwr.o
HAL_RCCEx_GetPeriphCLKConfig                      build/stm32f1xx_hal_rcc_ex.o
HAL_RCCEx_GetPeriphCLKFreq                        build/stm32f1xx_hal_rcc_ex.o
HAL_RCCEx_PeriphCLKConfig                         build/stm32f1xx_hal_rcc_ex.o
HAL_RCC_CSSCallback                               build/stm32f1xx_hal_rcc.o
HAL_RCC_ClockConfig                               build/stm32f1xx_hal_rcc.o
                                                  build/main.o
HAL_RCC_DeInit                                    build/stm32f1xx_hal_rcc.o
HAL_RCC_DisableCSS                                build/stm32f1xx_hal_rcc.o
HAL_RCC_EnableCSS                                 build/stm32f1xx_hal_rcc.o
HAL_RCC_GetClockConfig                            build/stm32f1xx_hal_rcc.o
HAL_RCC_GetHCLKFreq                               build/stm32f1xx_hal_rcc.o
HAL_RCC_GetOscConfig                              build/stm32f1xx_hal_rcc.o
HAL_RCC_GetPCLK1Freq                              build/stm32f1xx_hal_rcc.o
HAL_RCC_GetPCLK2Freq                              build/stm32f1xx_hal_rcc.o
                                                  build/stm32f1xx_hal_rcc_ex.o
HAL_RCC_GetSysClockFreq                           build/stm32f1xx_hal_rcc.o
HAL_RCC_MCOConfig                                 build/stm32f1xx_hal_rcc.o
HAL_RCC_NMI_IRQHandler                            build/stm32f1xx_hal_rcc.o
HAL_RCC_OscConfig                                 build/stm32f1xx_hal_rcc.o
                                                  build/main.o
HAL_ResumeTick                                    build/stm32f1xx_hal.o
HAL_SPI_Abort                                     build/stm32f1xx_hal_spi.o
HAL_SPI_AbortCpltCallback                         build/stm32f1xx_hal_spi.o
HAL_SPI_Abort_IT                                  build/stm32f1xx_hal_spi.o
HAL_SPI_DMAPause                                  build/stm32f1xx_hal_spi.o
HAL_SPI_DMAResume                                 build/stm32f1xx_hal_spi.o
HAL_SPI_DMAStop                                   build/stm32f1xx_hal_spi.o
HAL_SPI_DeInit                                    build/stm32f1xx_hal_spi.o
HAL_SPI_ErrorCallback                             build/stm32f1xx_hal_spi.o
HAL_SPI_GetError                                  build/stm32f1xx_hal_spi.o
HAL_SPI_GetState                                  build/stm32f1xx_hal_spi.o
HAL_SPI_IRQHandler                                build/stm32f1xx_hal_spi.o
HAL_SPI_Init                                      build/stm32f1xx_hal_spi.o
                                                  build/spi.o
HAL_SPI_MspDeInit                                 build/spi.o
HAL_SPI_MspInit                                   build/spi.o
HAL_SPI_Receive                                   build/stm32f1xx_hal_spi.o
                                                  build/w25qxx.o
HAL_SPI_Receive_DMA                               build/stm32f1xx_hal_spi.o
HAL_SPI_Receive_IT                                build/stm32f1xx_hal_spi.o
HAL_SPI_RxCpltCallback                            build/stm32f1xx_hal_spi.o
HAL_SPI_RxHalfCpltCallback                        build/stm32f1xx_hal_spi.o
HAL_SPI_Transmit                                  build/stm32f1xx_hal_spi.o
                                                  build/w25qxx.o
HAL_SPI_TransmitReceive                           build/stm32f1xx_hal_spi.o
                                                  build/w25qxx.o
HAL_SPI_TransmitReceive_DMA                       build/stm32f1xx_hal_spi.o
HAL_SPI_TransmitReceive_IT                        build/stm32f1xx_hal_spi.o
HAL_SPI_Transmit_DMA                              build/stm32f1xx_hal_spi.o
HAL_SPI_Transmit_IT                               build/stm32f1xx_hal_spi.o
HAL_SPI_TxCpltCallback                            build/stm32f1xx_hal_spi.o
HAL_SPI_TxHalfCpltCallback                        build/stm32f1xx_hal_spi.o
HAL_SPI_TxRxCpltCallback                          build/stm32f1xx_hal_spi.o
HAL_SPI_TxRxHalfCpltCallback                      build/stm32f1xx_hal_spi.o
HAL_SYSTICK_CLKSourceConfig                       build/stm32f1xx_hal_cortex.o
HAL_SYSTICK_Callback                              build/stm32f1xx_hal_cortex.o
HAL_SYSTICK_Config                                build/stm32f1xx_hal_cortex.o
                                                  build/stm32f1xx_hal.o
HAL_SYSTICK_IRQHandler                            build/stm32f1xx_hal_cortex.o
HAL_SetTickFreq                                   build/stm32f1xx_hal.o
HAL_SuspendTick                                   build/stm32f1xx_hal.o
HardFault_Handler                                 build/stm32f1xx_it.o
I2C1_ER_IRQHandler                                build/startup_stm32f103xb.o
I2C1_EV_IRQHandler                                build/startup_stm32f103xb.o
I2C2_ER_IRQHandler                                build/startup_stm32f103xb.o
I2C2_EV_IRQHandler                                build/startup_stm32f103xb.o
MX_GPIO_Init                                      build/gpio.o
                                                  build/main.o
MX_SPI1_Init                                      build/spi.o
                                                  build/main.o
MX_SYS_Init                                       build/sys.o
MemManage_Handler                                 build/stm32f1xx_it.o
NMI_Handler                                       build/stm32f1xx_it.o
PVD_IRQHandler                                    build/startup_stm32f103xb.o
PendSV_Handler                                    build/stm32f1xx_it.o
RCC_IRQHandler                                    build/startup_stm32f103xb.o
RTC_Alarm_IRQHandler                              build/startup_stm32f103xb.o
RTC_IRQHandler                                    build/startup_stm32f103xb.o
Reset_Handler                                     build/startup_stm32f103xb.o
SPI1_IRQHandler                                   build/startup_stm32f103xb.o
SPI2_IRQHandler                                   build/startup_stm32f103xb.o
SVC_Handler                                       build/stm32f1xx_it.o
SysTick_Handler                                   build/stm32f1xx_it.o
SystemClock_Config                                build/main.o
SystemCoreClock                                   build/system_stm32f1xx.o
                                                  build/stm32f1xx_hal_rcc.o
                                                  build/stm32f1xx_hal.o
                                                  build/stm32f1xx_hal_spi.o
SystemCoreClockUpdate                             build/system_stm32f1xx.o
SystemInit                                        build/system_stm32f1xx.o
                                                  build/startup_stm32f103xb.o
TAMPER_IRQHandler                                 build/startup_stm32f103xb.o
TIM1_BRK_IRQHandler                               build/startup_stm32f103xb.o
TIM1_CC_IRQHandler                                build/startup_stm32f103xb.o
TIM1_TRG_COM_IRQHandler                           build/startup_stm32f103xb.o
TIM1_UP_IRQHandler                                build/startup_stm32f103xb.o
TIM2_IRQHandler                                   build/startup_stm32f103xb.o
TIM3_IRQHandler                                   build/startup_stm32f103xb.o
TIM4_IRQHandler                                   build/startup_stm32f103xb.o
USART1_IRQHandler                                 build/startup_stm32f103xb.o
USART2_IRQHandler                                 build/startup_stm32f103xb.o
USART3_IRQHandler                                 build/startup_stm32f103xb.o
USBWakeUp_IRQHandler                              build/startup_stm32f103xb.o
USB_HP_CAN1_TX_IRQHandler                         build/startup_stm32f103xb.o
USB_LP_CAN1_RX0_IRQHandler                        build/startup_stm32f103xb.o
UsageFault_Handler                                build/stm32f1xx_it.o
W25qxx_BlockToPage                                build/w25qxx.o
W25qxx_EraseBlock                                 build/w25qxx.o
W25qxx_EraseChip                                  build/w25qxx.o
W25qxx_EraseSector                                build/w25qxx.o
                                                  build/main.o
W25qxx_Init                                       build/w25qxx.o
                                                  build/main.o
W25qxx_IsEmptyBlock                               build/w25qxx.o
W25qxx_IsEmptyPage                                build/w25qxx.o
W25qxx_IsEmptySector                              build/w25qxx.o
W25qxx_PageToBlock                                build/w25qxx.o
W25qxx_PageToSector                               build/w25qxx.o
W25qxx_ReadBlock                                  build/w25qxx.o
W25qxx_ReadByte                                   build/w25qxx.o
W25qxx_ReadBytes                                  build/w25qxx.o
W25qxx_ReadID                                     build/w25qxx.o
W25qxx_ReadPage                                   build/w25qxx.o
W25qxx_ReadSector                                 build/w25qxx.o
                                                  build/main.o
W25qxx_ReadStatusRegister                         build/w25qxx.o
W25qxx_ReadUniqID                                 build/w25qxx.o
W25qxx_SectorToBlock                              build/w25qxx.o
W25qxx_SectorToPage                               build/w25qxx.o
W25qxx_Spi                                        build/w25qxx.o
W25qxx_WaitForWriteEnd                            build/w25qxx.o
W25qxx_WriteBlock                                 build/w25qxx.o
W25qxx_WriteByte                                  build/w25qxx.o
                                                  build/main.o
W25qxx_WriteDisable                               build/w25qxx.o
W25qxx_WriteEnable                                build/w25qxx.o
W25qxx_WritePage                                  build/w25qxx.o
W25qxx_WriteSector                                build/w25qxx.o
W25qxx_WriteStatusRegister                        build/w25qxx.o
WWDG_IRQHandler                                   build/startup_stm32f103xb.o
_ITM_deregisterTMCloneTable                       c:/program files/gnu tools arm embedded patched 64/8.2.1-1.2-20190119-1237/bin/../lib/gcc/arm-none-eabi/8.2.1/thumb/v7-m/nofp/crtbegin.o
_ITM_registerTMCloneTable                         c:/program files/gnu tools arm embedded patched 64/8.2.1-1.2-20190119-1237/bin/../lib/gcc/arm-none-eabi/8.2.1/thumb/v7-m/nofp/crtbegin.o
__TMC_END__                                       c:/program files/gnu tools arm embedded patched 64/8.2.1-1.2-20190119-1237/bin/../lib/gcc/arm-none-eabi/8.2.1/thumb/v7-m/nofp/crtend.o
                                                  c:/program files/gnu tools arm embedded patched 64/8.2.1-1.2-20190119-1237/bin/../lib/gcc/arm-none-eabi/8.2.1/thumb/v7-m/nofp/crtbegin.o
__bss_end__                                       c:/program files/gnu tools arm embedded patched 64/8.2.1-1.2-20190119-1237/bin/../lib/gcc/arm-none-eabi/8.2.1/../../../../arm-none-eabi/lib/thumb/v7-m/nofp/crt0.o
__bss_start__                                     c:/program files/gnu tools arm embedded patched 64/8.2.1-1.2-20190119-1237/bin/../lib/gcc/arm-none-eabi/8.2.1/../../../../arm-none-eabi/lib/thumb/v7-m/nofp/crt0.o
__call_exitprocs                                  c:/program files/gnu tools arm embedded patched 64/8.2.1-1.2-20190119-1237/bin/../lib/gcc/arm-none-eabi/8.2.1/../../../../arm-none-eabi/lib/thumb/v7-m/nofp\libc_nano.a(lib_a-exit.o)
__deregister_frame_info                           c:/program files/gnu tools arm embedded patched 64/8.2.1-1.2-20190119-1237/bin/../lib/gcc/arm-none-eabi/8.2.1/thumb/v7-m/nofp/crtbegin.o
__dso_handle                                      c:/program files/gnu tools arm embedded patched 64/8.2.1-1.2-20190119-1237/bin/../lib/gcc/arm-none-eabi/8.2.1/thumb/v7-m/nofp/crtbegin.o
__init_array_end                                  c:/program files/gnu tools arm embedded patched 64/8.2.1-1.2-20190119-1237/bin/../lib/gcc/arm-none-eabi/8.2.1/../../../../arm-none-eabi/lib/thumb/v7-m/nofp\libc_nano.a(lib_a-init.o)
__init_array_start                                c:/program files/gnu tools arm embedded patched 64/8.2.1-1.2-20190119-1237/bin/../lib/gcc/arm-none-eabi/8.2.1/../../../../arm-none-eabi/lib/thumb/v7-m/nofp\libc_nano.a(lib_a-init.o)
__libc_fini_array                                 c:/program files/gnu tools arm embedded patched 64/8.2.1-1.2-20190119-1237/bin/../lib/gcc/arm-none-eabi/8.2.1/../../../../arm-none-eabi/lib/thumb/v7-m/nofp/crt0.o
__libc_init_array                                 c:/program files/gnu tools arm embedded patched 64/8.2.1-1.2-20190119-1237/bin/../lib/gcc/arm-none-eabi/8.2.1/../../../../arm-none-eabi/lib/thumb/v7-m/nofp\libc_nano.a(lib_a-init.o)
                                                  build/startup_stm32f103xb.o
                                                  c:/program files/gnu tools arm embedded patched 64/8.2.1-1.2-20190119-1237/bin/../lib/gcc/arm-none-eabi/8.2.1/../../../../arm-none-eabi/lib/thumb/v7-m/nofp/crt0.o
__preinit_array_end                               c:/program files/gnu tools arm embedded patched 64/8.2.1-1.2-20190119-1237/bin/../lib/gcc/arm-none-eabi/8.2.1/../../../../arm-none-eabi/lib/thumb/v7-m/nofp\libc_nano.a(lib_a-init.o)
__preinit_array_start                             c:/program files/gnu tools arm embedded patched 64/8.2.1-1.2-20190119-1237/bin/../lib/gcc/arm-none-eabi/8.2.1/../../../../arm-none-eabi/lib/thumb/v7-m/nofp\libc_nano.a(lib_a-init.o)
__register_frame_info                             c:/program files/gnu tools arm embedded patched 64/8.2.1-1.2-20190119-1237/bin/../lib/gcc/arm-none-eabi/8.2.1/thumb/v7-m/nofp/crtbegin.o
__sf_fake_stderr                                  c:/program files/gnu tools arm embedded patched 64/8.2.1-1.2-20190119-1237/bin/../lib/gcc/arm-none-eabi/8.2.1/../../../../arm-none-eabi/lib/thumb/v7-m/nofp\libc_nano.a(lib_a-impure.o)
__sf_fake_stdin                                   c:/program files/gnu tools arm embedded patched 64/8.2.1-1.2-20190119-1237/bin/../lib/gcc/arm-none-eabi/8.2.1/../../../../arm-none-eabi/lib/thumb/v7-m/nofp\libc_nano.a(lib_a-impure.o)
__sf_fake_stdout                                  c:/program files/gnu tools arm embedded patched 64/8.2.1-1.2-20190119-1237/bin/../lib/gcc/arm-none-eabi/8.2.1/../../../../arm-none-eabi/lib/thumb/v7-m/nofp\libc_nano.a(lib_a-impure.o)
__stack                                           c:/program files/gnu tools arm embedded patched 64/8.2.1-1.2-20190119-1237/bin/../lib/gcc/arm-none-eabi/8.2.1/../../../../arm-none-eabi/lib/thumb/v7-m/nofp/crt0.o
_ebss                                             build/startup_stm32f103xb.o
_edata                                            build/startup_stm32f103xb.o
_estack                                           build/startup_stm32f103xb.o
_exit                                             c:/program files/gnu tools arm embedded patched 64/8.2.1-1.2-20190119-1237/bin/../lib/gcc/arm-none-eabi/8.2.1/../../../../arm-none-eabi/lib/thumb/v7-m/nofp\libnosys.a(_exit.o)
                                                  c:/program files/gnu tools arm embedded patched 64/8.2.1-1.2-20190119-1237/bin/../lib/gcc/arm-none-eabi/8.2.1/../../../../arm-none-eabi/lib/thumb/v7-m/nofp\libc_nano.a(lib_a-exit.o)
_fini                                             c:/program files/gnu tools arm embedded patched 64/8.2.1-1.2-20190119-1237/bin/../lib/gcc/arm-none-eabi/8.2.1/thumb/v7-m/nofp/crti.o
_global_impure_ptr                                c:/program files/gnu tools arm embedded patched 64/8.2.1-1.2-20190119-1237/bin/../lib/gcc/arm-none-eabi/8.2.1/../../../../arm-none-eabi/lib/thumb/v7-m/nofp\libc_nano.a(lib_a-impure.o)
                                                  c:/program files/gnu tools arm embedded patched 64/8.2.1-1.2-20190119-1237/bin/../lib/gcc/arm-none-eabi/8.2.1/../../../../arm-none-eabi/lib/thumb/v7-m/nofp\libc_nano.a(lib_a-exit.o)
_impure_ptr                                       c:/program files/gnu tools arm embedded patched 64/8.2.1-1.2-20190119-1237/bin/../lib/gcc/arm-none-eabi/8.2.1/../../../../arm-none-eabi/lib/thumb/v7-m/nofp\libc_nano.a(lib_a-impure.o)
_init                                             c:/program files/gnu tools arm embedded patched 64/8.2.1-1.2-20190119-1237/bin/../lib/gcc/arm-none-eabi/8.2.1/thumb/v7-m/nofp/crti.o
                                                  c:/program files/gnu tools arm embedded patched 64/8.2.1-1.2-20190119-1237/bin/../lib/gcc/arm-none-eabi/8.2.1/../../../../arm-none-eabi/lib/thumb/v7-m/nofp\libc_nano.a(lib_a-init.o)
_mainCRTStartup                                   c:/program files/gnu tools arm embedded patched 64/8.2.1-1.2-20190119-1237/bin/../lib/gcc/arm-none-eabi/8.2.1/../../../../arm-none-eabi/lib/thumb/v7-m/nofp/crt0.o
_sbss                                             build/startup_stm32f103xb.o
_sdata                                            build/startup_stm32f103xb.o
_sidata                                           build/startup_stm32f103xb.o
_start                                            c:/program files/gnu tools arm embedded patched 64/8.2.1-1.2-20190119-1237/bin/../lib/gcc/arm-none-eabi/8.2.1/../../../../arm-none-eabi/lib/thumb/v7-m/nofp/crt0.o
atexit                                            c:/program files/gnu tools arm embedded patched 64/8.2.1-1.2-20190119-1237/bin/../lib/gcc/arm-none-eabi/8.2.1/../../../../arm-none-eabi/lib/thumb/v7-m/nofp/crt0.o
device                                            build/main.o
exit                                              c:/program files/gnu tools arm embedded patched 64/8.2.1-1.2-20190119-1237/bin/../lib/gcc/arm-none-eabi/8.2.1/../../../../arm-none-eabi/lib/thumb/v7-m/nofp\libc_nano.a(lib_a-exit.o)
                                                  c:/program files/gnu tools arm embedded patched 64/8.2.1-1.2-20190119-1237/bin/../lib/gcc/arm-none-eabi/8.2.1/../../../../arm-none-eabi/lib/thumb/v7-m/nofp/crt0.o
g_pfnVectors                                      build/startup_stm32f103xb.o
hardware_init_hook                                c:/program files/gnu tools arm embedded patched 64/8.2.1-1.2-20190119-1237/bin/../lib/gcc/arm-none-eabi/8.2.1/../../../../arm-none-eabi/lib/thumb/v7-m/nofp/crt0.o
hspi1                                             build/spi.o
                                                  build/w25qxx.o
main                                              build/main.o
                                                  build/startup_stm32f103xb.o
                                                  c:/program files/gnu tools arm embedded patched 64/8.2.1-1.2-20190119-1237/bin/../lib/gcc/arm-none-eabi/8.2.1/../../../../arm-none-eabi/lib/thumb/v7-m/nofp/crt0.o
memset                                            c:/program files/gnu tools arm embedded patched 64/8.2.1-1.2-20190119-1237/bin/../lib/gcc/arm-none-eabi/8.2.1/../../../../arm-none-eabi/lib/thumb/v7-m/nofp\libc_nano.a(lib_a-memset.o)
                                                  build/main.o
                                                  c:/program files/gnu tools arm embedded patched 64/8.2.1-1.2-20190119-1237/bin/../lib/gcc/arm-none-eabi/8.2.1/../../../../arm-none-eabi/lib/thumb/v7-m/nofp/crt0.o
pFlash                                            build/stm32f1xx_hal_flash.o
                                                  build/stm32f1xx_hal_flash_ex.o
readBufferSec0                                    build/main.o
readBufferSec1                                    build/main.o
readFlag                                          build/main.o
software_init_hook                                c:/program files/gnu tools arm embedded patched 64/8.2.1-1.2-20190119-1237/bin/../lib/gcc/arm-none-eabi/8.2.1/../../../../arm-none-eabi/lib/thumb/v7-m/nofp/crt0.o
uwTick                                            build/stm32f1xx_hal.o
uwTickFreq                                        build/stm32f1xx_hal.o
uwTickPrio                                        build/stm32f1xx_hal.o
                                                  build/stm32f1xx_hal_rcc.o
w25qxx                                            build/w25qxx.o
writeCount                                        build/main.o
writeFlag                                         build/main.o
writeVal                                          build/main.o
